# Generated by goldga. DO NOT EDIT.
[snapshots]
"JSONPrinter empty_database should match the golden file" = '''
[]
'''
"JSONPrinter hash_as_ziplist should match the golden file" = '''
[{"zipmap_compresses_easily":{"a":"aa","aa":"aaaa","aaaaa":"aaaaaaaaaaaaaa"}}]
'''
"JSONPrinter keys_with_expiry should match the golden file" = '''
[{"expires_ms_precision":"2022-12-25 10:11:12.573 UTC"}]
'''
"JSONPrinter multiple_databases should match the golden file" = '''
[{"key_in_zeroth_database":"zero"},{"key_in_second_database":"second"}]
'''
"JSONPrinter regular_set should match the golden file" = '''
[{"regular_set":["beta","delta","alpha","phi","gamma","kappa"]}]
'''
"JSONPrinter sorted_set_as_ziplist should match the golden file" = '''
[{"sorted_set_as_ziplist":["8b6ba6718a786daefa69438148361901","cb7a24bb7528f934b841b34c3a73e0c7","523af537946b79c4f8369ed39ba78605"]}]
'''
"JSONPrinter ziplist_that_doesnt_compress should match the golden file" = '''
[{"ziplist_doesnt_compress":["aj2410","cc953a17a8e096e76a44169ad3f9ac87c5f8248a403274416179aa9fbd852344"]}]
'''
